src/components/common/ErrorBoundary.tsx(25,15): error TS7006: Parameter 'props' implicitly has an 'any' type.
src/components/common/ErrorBoundary.tsx(69,21): error TS2339: Property 'env' does not exist on type 'ImportMeta'.
src/components/common/ErrorBoundary.tsx(208,21): error TS2339: Property 'env' does not exist on type 'ImportMeta'.
src/components/ImageModal.tsx(112,31): error TS2532: Object is possibly 'undefined'.
src/components/ImageModal.tsx(112,56): error TS2532: Object is possibly 'undefined'.
src/components/ImageModal.tsx(117,27): error TS2532: Object is possibly 'undefined'.
src/components/ImageModal.tsx(117,59): error TS2532: Object is possibly 'undefined'.
src/components/StickyNotes.tsx(35,3): error TS2322: Type 'ColorScheme | undefined' is not assignable to type 'ColorScheme'.
  Type 'undefined' is not assignable to type 'ColorScheme'.
src/components/StickyNotes.tsx(61,40): error TS2339: Property 'data' does not exist on type '{}'.
src/components/StickyNotes.tsx(165,7): error TS2322: Type 'ColorScheme | undefined' is not assignable to type 'ColorScheme'.
  Type 'undefined' is not assignable to type 'ColorScheme'.
src/components/StickyNotes.tsx(166,7): error TS2322: Type 'ColorScheme | undefined' is not assignable to type 'ColorScheme'.
  Type 'undefined' is not assignable to type 'ColorScheme'.
src/components/StickyNotes.tsx(167,7): error TS2322: Type 'ColorScheme | undefined' is not assignable to type 'ColorScheme'.
  Type 'undefined' is not assignable to type 'ColorScheme'.
src/components/StickyNotes.tsx(168,7): error TS2322: Type 'ColorScheme | undefined' is not assignable to type 'ColorScheme'.
  Type 'undefined' is not assignable to type 'ColorScheme'.
src/components/StickyNotes.tsx(169,7): error TS2322: Type 'ColorScheme | undefined' is not assignable to type 'ColorScheme'.
  Type 'undefined' is not assignable to type 'ColorScheme'.
src/components/StickyNotes.tsx(170,7): error TS2322: Type 'ColorScheme | undefined' is not assignable to type 'ColorScheme'.
  Type 'undefined' is not assignable to type 'ColorScheme'.
src/config/sentry.ts(5,19): error TS2339: Property 'env' does not exist on type 'ImportMeta'.
src/config/sentry.ts(8,24): error TS2339: Property 'env' does not exist on type 'ImportMeta'.
src/config/sentry.ts(9,32): error TS2339: Property 'env' does not exist on type 'ImportMeta'.
src/config/sentry.ts(25,21): error TS2686: 'React' refers to a UMD global, but the current file is a module. Consider adding an import instead.
src/main.tsx(23,21): error TS2345: Argument of type 'HTMLElement | null' is not assignable to parameter of type 'Container'.
  Type 'null' is not assignable to type 'Container'.
src/pages/admin/AdminAlbums.tsx(177,23): error TS2345: Argument of type 'string | undefined' is not assignable to parameter of type 'string'.
  Type 'undefined' is not assignable to type 'string'.
src/pages/admin/AdminAlbums.tsx(187,9): error TS2322: Type 'string | undefined' is not assignable to type 'string'.
  Type 'undefined' is not assignable to type 'string'.
src/pages/admin/AdminAlbums.tsx(191,9): error TS2322: Type 'string | undefined' is not assignable to type 'string'.
  Type 'undefined' is not assignable to type 'string'.
src/pages/admin/AdminAlbums.tsx(196,9): error TS2322: Type 'string | undefined' is not assignable to type 'string'.
  Type 'undefined' is not assignable to type 'string'.
src/pages/admin/AdminAlbums.tsx(231,36): error TS2345: Argument of type 'string | undefined' is not assignable to parameter of type 'string'.
  Type 'undefined' is not assignable to type 'string'.
src/pages/admin/AdminAlbums.tsx(260,28): error TS2345: Argument of type '(imageUrl: string) => Promise<void>' is not assignable to parameter of type '(value: string | undefined, index: number, array: (string | undefined)[]) => void'.
  Types of parameters 'imageUrl' and 'value' are incompatible.
    Type 'string | undefined' is not assignable to type 'string'.
      Type 'undefined' is not assignable to type 'string'.
src/pages/admin/AdminAlbums.tsx(546,9): error TS2322: Type '(() => void) | null' is not assignable to type '(() => void) | undefined'.
  Type 'null' is not assignable to type '(() => void) | undefined'.
src/pages/admin/AdminFoodCheckin.tsx(71,34): error TS2339: Property 'data' does not exist on type '{}'.
src/pages/admin/AdminFoodCheckin.tsx(220,12): error TS7053: Element implicitly has an 'any' type because expression of type 'string' can't be used to index type '{ 涓: string; 瑗块: string; 鏃ユ枡: string; 闊╂枡: string; 鐏攨: string; 鐑х儰: string; 鐑よ倝: string; 鐢滃搧: string; 鍏朵粬: string; }'.
  No index signature with a parameter of type 'string' was found on type '{ 涓: string; 瑗块: string; 鏃ユ枡: string; 闊╂枡: string; 鐏攨: string; 鐑х儰: string; 鐑よ倝: string; 鐢滃搧: string; 鍏朵粬: string; }'.
src/pages/admin/AdminFoodCheckin.tsx(334,19): error TS2322: Type 'string' is not assignable to type 'number'.
src/pages/admin/AdminFoodCheckin.tsx(513,9): error TS2322: Type '(() => void) | null' is not assignable to type '(() => void) | undefined'.
  Type 'null' is not assignable to type '(() => void) | undefined'.
src/pages/admin/AdminTimeline.tsx(169,19): error TS2322: Type 'string' is not assignable to type 'number'.
src/pages/admin/AdminTimeline.tsx(305,9): error TS2322: Type '(() => void) | null' is not assignable to type '(() => void) | undefined'.
  Type 'null' is not assignable to type '(() => void) | undefined'.
src/pages/admin/AdminTodos.tsx(69,30): error TS18046: 'data' is of type 'unknown'.
src/pages/admin/AdminTodos.tsx(69,43): error TS18046: 'data' is of type 'unknown'.
src/pages/admin/AdminTodos.tsx(70,21): error TS18046: 'data' is of type 'unknown'.
src/pages/admin/AdminTodos.tsx(71,21): error TS18046: 'data' is of type 'unknown'.
src/pages/admin/AdminTodos.tsx(72,22): error TS18046: 'data' is of type 'unknown'.
src/pages/admin/AdminTodos.tsx(382,19): error TS2322: Type 'string' is not assignable to type 'number'.
src/pages/admin/AdminTodos.tsx(452,23): error TS2322: Type 'string' is not assignable to type 'number'.
src/pages/admin/AdminTodos.tsx(511,9): error TS2322: Type '(() => void) | null' is not assignable to type '(() => void) | undefined'.
  Type 'null' is not assignable to type '(() => void) | undefined'.
src/pages/Albums.tsx(60,22): error TS2345: Argument of type 'Photo | undefined' is not assignable to parameter of type 'SetStateAction<Photo | null>'.
  Type 'undefined' is not assignable to type 'SetStateAction<Photo | null>'.
src/pages/Albums.tsx(66,22): error TS2345: Argument of type 'Photo | undefined' is not assignable to parameter of type 'SetStateAction<Photo | null>'.
  Type 'undefined' is not assignable to type 'SetStateAction<Photo | null>'.
src/pages/ErrorDemo.tsx(58,6): error TS2559: Type '{ children: Element; }' has no properties in common with type 'IntrinsicAttributes'.
src/pages/FoodCheckin.tsx(46,39): error TS2339: Property 'data' does not exist on type '{}'.
src/pages/FoodCheckin.tsx(46,52): error TS2339: Property 'data' does not exist on type '{}'.
src/pages/FoodCheckin.tsx(120,22): error TS2345: Argument of type 'string | undefined' is not assignable to parameter of type 'SetStateAction<string | null>'.
  Type 'undefined' is not assignable to type 'SetStateAction<string | null>'.
src/pages/FoodCheckin.tsx(127,22): error TS2345: Argument of type 'string | undefined' is not assignable to parameter of type 'SetStateAction<string | null>'.
  Type 'undefined' is not assignable to type 'SetStateAction<string | null>'.
src/pages/FoodCheckin.tsx(229,28): error TS2532: Object is possibly 'undefined'.
src/pages/FoodCheckin.tsx(234,34): error TS2339: Property 'src' does not exist on type 'EventTarget'.
src/pages/FoodCheckin.tsx(234,40): error TS18048: 'checkin.images' is possibly 'undefined'.
src/pages/FoodCheckin.tsx(254,40): error TS2339: Property 'src' does not exist on type 'EventTarget'.
src/pages/FoodCheckin.tsx(369,9): error TS2322: Type 'string | null' is not assignable to type 'string | undefined'.
  Type 'null' is not assignable to type 'string | undefined'.
src/pages/Timeline.tsx(35,5): error TS2769: No overload matches this call.
  Overload 1 of 3, '(options: DefinedInitialDataOptions<{ data: TimelineEvent[]; pagination: { totalPages: number; }; }, Error, { data: TimelineEvent[]; pagination: { totalPages: number; }; }, readonly unknown[]>, queryClient?: QueryClient | undefined): DefinedUseQueryResult<...>', gave the following error.
    Type '() => Promise<{ data: TimelineEvent[]; pagination: { totalPages: number; }; } | null>' is not assignable to type 'QueryFunction<{ data: TimelineEvent[]; pagination: { totalPages: number; }; }, readonly unknown[]>'.
      Type 'Promise<{ data: TimelineEvent[]; pagination: { totalPages: number; }; } | null>' is not assignable to type '{ data: TimelineEvent[]; pagination: { totalPages: number; }; } | Promise<{ data: TimelineEvent[]; pagination: { totalPages: number; }; }>'.
        Type 'Promise<{ data: TimelineEvent[]; pagination: { totalPages: number; }; } | null>' is not assignable to type 'Promise<{ data: TimelineEvent[]; pagination: { totalPages: number; }; }>'.
          Type '{ data: TimelineEvent[]; pagination: { totalPages: number; }; } | null' is not assignable to type '{ data: TimelineEvent[]; pagination: { totalPages: number; }; }'.
            Type 'null' is not assignable to type '{ data: TimelineEvent[]; pagination: { totalPages: number; }; }'.
  Overload 2 of 3, '(options: UndefinedInitialDataOptions<{ data: TimelineEvent[]; pagination: { totalPages: number; }; }, Error, { data: TimelineEvent[]; pagination: { totalPages: number; }; }, readonly unknown[]>, queryClient?: QueryClient | undefined): UseQueryResult<...>', gave the following error.
    Type '() => Promise<{ data: TimelineEvent[]; pagination: { totalPages: number; }; } | null>' is not assignable to type 'unique symbol | QueryFunction<{ data: TimelineEvent[]; pagination: { totalPages: number; }; }, readonly unknown[], never> | undefined'.
      Type '() => Promise<{ data: TimelineEvent[]; pagination: { totalPages: number; }; } | null>' is not assignable to type 'QueryFunction<{ data: TimelineEvent[]; pagination: { totalPages: number; }; }, readonly unknown[], never>'.
        Type 'Promise<{ data: TimelineEvent[]; pagination: { totalPages: number; }; } | null>' is not assignable to type '{ data: TimelineEvent[]; pagination: { totalPages: number; }; } | Promise<{ data: TimelineEvent[]; pagination: { totalPages: number; }; }>'.
          Type 'Promise<{ data: TimelineEvent[]; pagination: { totalPages: number; }; } | null>' is not assignable to type 'Promise<{ data: TimelineEvent[]; pagination: { totalPages: number; }; }>'.
            Type '{ data: TimelineEvent[]; pagination: { totalPages: number; }; } | null' is not assignable to type '{ data: TimelineEvent[]; pagination: { totalPages: number; }; }'.
              Type 'null' is not assignable to type '{ data: TimelineEvent[]; pagination: { totalPages: number; }; }'.
  Overload 3 of 3, '(options: UseQueryOptions<{ data: TimelineEvent[]; pagination: { totalPages: number; }; }, Error, { data: TimelineEvent[]; pagination: { totalPages: number; }; }, readonly unknown[]>, queryClient?: QueryClient | undefined): UseQueryResult<...>', gave the following error.
    Type '() => Promise<{ data: TimelineEvent[]; pagination: { totalPages: number; }; } | null>' is not assignable to type 'unique symbol | QueryFunction<{ data: TimelineEvent[]; pagination: { totalPages: number; }; }, readonly unknown[], never> | undefined'.
      Type '() => Promise<{ data: TimelineEvent[]; pagination: { totalPages: number; }; } | null>' is not assignable to type 'QueryFunction<{ data: TimelineEvent[]; pagination: { totalPages: number; }; }, readonly unknown[], never>'.
        Type 'Promise<{ data: TimelineEvent[]; pagination: { totalPages: number; }; } | null>' is not assignable to type '{ data: TimelineEvent[]; pagination: { totalPages: number; }; } | Promise<{ data: TimelineEvent[]; pagination: { totalPages: number; }; }>'.
          Type 'Promise<{ data: TimelineEvent[]; pagination: { totalPages: number; }; } | null>' is not assignable to type 'Promise<{ data: TimelineEvent[]; pagination: { totalPages: number; }; }>'.
            Type '{ data: TimelineEvent[]; pagination: { totalPages: number; }; } | null' is not assignable to type '{ data: TimelineEvent[]; pagination: { totalPages: number; }; }'.
              Type 'null' is not assignable to type '{ data: TimelineEvent[]; pagination: { totalPages: number; }; }'.
src/pages/Timeline.tsx(45,55): error TS2339: Property 'data' does not exist on type 'NonNullable<NoInfer<TQueryFnData>>'.
src/pages/Timeline.tsx(45,68): error TS2339: Property 'data' does not exist on type 'NonNullable<NoInfer<TQueryFnData>>'.
src/pages/Timeline.tsx(46,28): error TS2339: Property 'pagination' does not exist on type 'NonNullable<NoInfer<TQueryFnData>>'.
